Reusing configuration cache.
> Task :checkKotlinGradlePluginConfigurationErrors SKIPPED
> Task :processResources UP-TO-DATE
> Task :compileKotlin UP-TO-DATE
> Task :compileJava NO-SOURCE
> Task :classes UP-TO-DATE

> Task :run
2026-05-25 08:01:32.803 [main] INFO  Application - Autoreload is disabled because the development mode is off.
2026-05-25 08:01:33.019 [main] INFO  [Koin] - Started 13 definitions in 0.6287 ms
2026-05-25 08:01:33.046 [main] INFO  com.zaxxer.hikari.HikariDataSource - HikariPool-1 - Starting...
2026-05-25 08:01:33.371 [main] INFO  com.zaxxer.hikari.pool.HikariPool - HikariPool-1 - Added connection org.postgresql.jdbc.PgConnection@7c2312fa
2026-05-25 08:01:33.373 [main] INFO  com.zaxxer.hikari.HikariDataSource - HikariPool-1 - Start completed.
2026-05-25 08:01:33.727 [main] INFO  o.f.c.i.s.classpath.ClassPathScanner - Flyway OSS Edition 10.4.1 by Redgate
2026-05-25 08:01:33.727 [main] INFO  o.f.c.i.s.classpath.ClassPathScanner - 
2026-05-25 08:01:33.727 [main] INFO  o.f.c.i.s.classpath.ClassPathScanner - See release notes here: https://rd.gt/416ObMi
2026-05-25 08:01:33.792 [main] INFO  org.flywaydb.core.FlywayExecutor - Database: jdbc:postgresql://localhost:5432/tbterminal_backend (PostgreSQL 18.4)
2026-05-25 08:01:33.805 [main] WARN  o.f.c.i.database.base.Database - Flyway upgrade recommended: PostgreSQL 18.4 is newer than this version of Flyway and support has not been tested. The latest supported version of PostgreSQL is 16.
2026-05-25 08:01:33.930 [main] INFO  o.f.core.internal.command.DbValidate - Successfully validated 20 migrations (execution time 00:00.109s)
2026-05-25 08:01:33.946 [main] INFO  o.f.core.internal.command.DbMigrate - Current version of schema "system": 18
2026-05-25 08:01:33.953 [main] INFO  o.f.core.internal.command.DbMigrate - Schema "system" is up to date. No migration necessary.
2026-05-25 08:01:33.957 [main] INFO  Application - Flyway: Successfully applied 0 migration(s)
2026-05-25 08:01:34.636 [main] INFO  Application - Application started in 2.085 seconds.
2026-05-25 08:01:34.914 [DefaultDispatcher-worker-1] INFO  Application - Responding at http://127.0.0.1:8080

> Task :run FAILED
3 actionable tasks: 1 executed, 2 up-to-date
Configuration cache entry reused.
