Reusing configuration cache.
> Task :checkKotlinGradlePluginConfigurationErrors SKIPPED
> Task :processResources UP-TO-DATE
> Task :compileKotlin UP-TO-DATE
> Task :compileJava NO-SOURCE
> Task :classes UP-TO-DATE

> Task :run
2026-05-25 13:05:07.023 [main] INFO  Application - Autoreload is disabled because the development mode is off.
2026-05-25 13:05:07.386 [main] INFO  [Koin] - Started 13 definitions in 0.946 ms
2026-05-25 13:05:07.427 [main] INFO  com.zaxxer.hikari.HikariDataSource - HikariPool-1 - Starting...
2026-05-25 13:05:08.640 [main] ERROR com.zaxxer.hikari.pool.HikariPool - HikariPool-1 - Exception during pool initialization.
org.postgresql.util.PSQLException: FATAL: password authentication failed for user "postgres"
	at org.postgresql.core.v3.ConnectionFactoryImpl.doAuthentication(ConnectionFactoryImpl.java:778)
	at org.postgresql.core.v3.ConnectionFactoryImpl.tryConnect(ConnectionFactoryImpl.java:234)
	at org.postgresql.core.v3.ConnectionFactoryImpl.openConnectionImpl(ConnectionFactoryImpl.java:289)
	at org.postgresql.core.ConnectionFactory.openConnection(ConnectionFactory.java:57)
	at org.postgresql.jdbc.PgConnection.<init>(PgConnection.java:290)
	at org.postgresql.Driver.makeConnection(Driver.java:448)
	at org.postgresql.Driver.connect(Driver.java:298)
	at com.zaxxer.hikari.util.DriverDataSource.getConnection(DriverDataSource.java:138)
	at com.zaxxer.hikari.pool.PoolBase.newConnection(PoolBase.java:359)
	at com.zaxxer.hikari.pool.PoolBase.newPoolEntry(PoolBase.java:201)
	at com.zaxxer.hikari.pool.HikariPool.createPoolEntry(HikariPool.java:470)
	at com.zaxxer.hikari.pool.HikariPool.checkFailFast(HikariPool.java:561)
	at com.zaxxer.hikari.pool.HikariPool.<init>(HikariPool.java:100)
	at com.zaxxer.hikari.HikariDataSource.<init>(HikariDataSource.java:81)
	at com.service.tbterminal.plugins.DatabaseKt.configureDatabase(Database.kt:20)
	at java.base/jdk.internal.reflect.DirectMethodHandleAccessor.invoke(DirectMethodHandleAccessor.java:103)
	at java.base/java.lang.reflect.Method.invoke(Method.java:580)
	at kotlin.reflect.jvm.internal.calls.CallerImpl$Method.callMethod(CallerImpl.kt:97)
	at kotlin.reflect.jvm.internal.calls.CallerImpl$Method$Static.call(CallerImpl.kt:106)
	at kotlin.reflect.jvm.internal.DescriptorKCallable.callDefaultMethod(DescriptorKCallable.kt:240)
	at kotlin.reflect.jvm.internal.DescriptorKCallable.callBy(DescriptorKCallable.kt:145)
	at kotlin.reflect.full.KCallables.callSuspendBy(KCallables.kt:78)
	at io.ktor.server.engine.internal.CallableUtilsKt.callFunctionWithInjection(CallableUtils.kt:138)
	at io.ktor.server.engine.internal.CallableUtilsKt.executeModuleFunction(CallableUtils.kt:42)
	at io.ktor.server.engine.EmbeddedServer$launchModuleByName$2.invokeSuspend(EmbeddedServerJvm.kt:448)
	at io.ktor.server.engine.EmbeddedServer$launchModuleByName$2.invoke(EmbeddedServerJvm.kt)
	at io.ktor.server.engine.EmbeddedServer$launchModuleByName$2.invoke(EmbeddedServerJvm.kt)
	at io.ktor.server.engine.EmbeddedServer.avoidingDoubleStartupFor(EmbeddedServerJvm.kt:474)
	at io.ktor.server.engine.EmbeddedServer.launchModuleByName(EmbeddedServerJvm.kt:447)
	at io.ktor.server.engine.EmbeddedServer.access$launchModuleByName(EmbeddedServerJvm.kt:33)
	at io.ktor.server.engine.EmbeddedServer$dynamicModule$1.invokeSuspend(EmbeddedServerJvm.kt:401)
	at io.ktor.server.engine.EmbeddedServer$dynamicModule$1.invoke(EmbeddedServerJvm.kt)
	at io.ktor.server.engine.EmbeddedServer$dynamicModule$1.invoke(EmbeddedServerJvm.kt)
	at io.ktor.server.application.ApplicationModules_jvmKt$LoadSequentially$1.loadModules(ApplicationModules.jvm.kt:75)
	at io.ktor.server.engine.EmbeddedServer$instantiateAndConfigureApplication$1$1.invokeSuspend(EmbeddedServerJvm.kt:384)
	at io.ktor.server.engine.EmbeddedServer$instantiateAndConfigureApplication$1$1.invoke(EmbeddedServerJvm.kt)
	at io.ktor.server.engine.EmbeddedServer$instantiateAndConfigureApplication$1$1.invoke(EmbeddedServerJvm.kt)
	at kotlinx.coroutines.intrinsics.UndispatchedKt.startUndspatched(Undispatched.kt:66)
	at kotlinx.coroutines.intrinsics.UndispatchedKt.startUndispatchedOrReturnIgnoreTimeout(Undispatched.kt:50)
	at kotlinx.coroutines.TimeoutKt.setupTimeout(Timeout.kt:149)
	at kotlinx.coroutines.TimeoutKt.withTimeout(Timeout.kt:44)
	at kotlinx.coroutines.TimeoutKt.withTimeout-KLykuaI(Timeout.kt:72)
	at io.ktor.server.engine.EmbeddedServer$instantiateAndConfigureApplication$1.invokeSuspend(EmbeddedServerJvm.kt:383)
	at io.ktor.server.engine.EmbeddedServer$instantiateAndConfigureApplication$1.invoke(EmbeddedServerJvm.kt)
	at io.ktor.server.engine.EmbeddedServer$instantiateAndConfigureApplication$1.invoke(EmbeddedServerJvm.kt)
	at io.ktor.server.engine.EmbeddedServer$avoidingDoubleStartup$1.invokeSuspend(EmbeddedServerJvm.kt:455)
	at kotlin.coroutines.jvm.internal.BaseContinuationImpl.resumeWith(ContinuationImpl.kt:34)
	at kotlinx.coroutines.DispatchedTask.run(DispatchedTask.kt:100)
	at kotlinx.coroutines.EventLoopImplBase.processNextEvent(EventLoop.common.kt:263)
	at kotlinx.coroutines.BlockingCoroutine.joinBlocking(Builders.kt:94)
	at kotlinx.coroutines.BuildersKt__BuildersKt.runBlocking(Builders.kt:70)
	at kotlinx.coroutines.BuildersKt.runBlocking(Unknown Source)
	at kotlinx.coroutines.BuildersKt__BuildersKt.runBlocking$default(Builders.kt:48)
	at kotlinx.coroutines.BuildersKt.runBlocking$default(Unknown Source)
	at io.ktor.server.engine.EmbeddedServer.avoidingDoubleStartup(EmbeddedServerJvm.kt:454)
	at io.ktor.server.engine.EmbeddedServer.instantiateAndConfigureApplication(EmbeddedServerJvm.kt:382)
	at io.ktor.server.engine.EmbeddedServer.createApplication(EmbeddedServerJvm.kt:168)
	at io.ktor.server.engine.EmbeddedServer.start(EmbeddedServerJvm.kt:313)
	at io.ktor.server.netty.EngineMain.main(EngineMain.kt:25)

> Task :run FAILED
3 actionable tasks: 1 executed, 2 up-to-date
Configuration cache entry reused.
